startup log: {'kv_cache_tokens': 176227.0, 'kv_cache_gib': 24.22, 'max_concurrency': 19.58, 'enable_prefix_caching': 'True', 'kv_cache_dtype': 'auto', 'attention_backend': 'FLASH_ATTN'}
  -> NOT FOUND in the log: max_num_batched_tokens, max_num_seqs
  -> a gate that reads a missing fact does not fire and does not complain; fix the pattern in bench/vllm_metrics.py before spending a level on it
KV pool 176,227 tokens against reference 168,985 (1.043x, gate +-5%): PASS

level                  load     ok/f      h  TTFT p50  TTFT p99  TPOT p50  TPOT p99   medITL   interf  good/s    tok/s
seats-c8-h80              8   24/0    0.800     394.0     602.1     26.28     27.20    25.42     0.86    0.36    284.2
  INVALID  ttft-not-a-service-metric: closed loop
seats-c12-h80            12   36/0    0.800     475.1     856.1     28.87     30.79    27.36     1.50    0.48    382.2
  INVALID  ttft-not-a-service-metric: closed loop
seats-c14-h80            14   42/0    0.800     512.9    1044.4     29.72     31.65    27.60     2.12    0.46    432.2
  INVALID  ttft-not-a-service-metric: closed loop
seats-c16-h80            16   48/0    0.800     548.5    1173.9     30.60     32.38    27.92     2.68    0.30    477.9
  INVALID  ttft-not-a-service-metric: closed loop
seats-c20-h80            20   60/0    0.800     574.6    1544.1     32.88     35.14    28.92     3.96    0.32    555.2
  INVALID  ttft-not-a-service-metric: closed loop
seats-c22-h80            22   66/0    0.800     583.0    1714.0     33.89     35.91    29.23     4.67    0.27    592.6
  INVALID  ttft-not-a-service-metric: closed loop
seats-c24-h80            24   72/0    0.800     590.5    1851.3     35.27     37.63    29.76     5.50    0.13    623.3
  INVALID  ttft-not-a-service-metric: closed loop
seats-c26-h80            26   78/0    0.800     602.4    1992.5     38.93     41.14    33.07     5.86    0.24    614.1
  INVALID  ttft-not-a-service-metric: closed loop
seats-c28-h80            28   84/0    0.800     609.1    2225.5     40.23     42.30    33.58     6.65    0.23    641.1
  INVALID  ttft-not-a-service-metric: closed loop

seats: >= 28 -- the sweep never breached TPOT p99 50 ms, so the crossing is above it

artefacts: results/run3-a-h80/
